2026-05-17 20:06:59,766 | INFO | Run: lora_r4
2026-05-17 20:06:59,767 | INFO | Arguments: {'run_name': 'lora_r4', 'method': 'lora', 'lora_rank': 4, 'model_name': 'roberta-base', 'epochs': 3.0, 'batch_size': 4, 'learning_rate': 2e-05, 'lora_learning_rate': 0.0001, 'weight_decay': 0.01, 'max_length': 128, 'seed': 42, 'fp16': True, 'gradient_checkpointing': False, 'logging_steps': 50, 'max_train_samples': None, 'max_eval_samples': None}
2026-05-17 20:06:59,767 | INFO | CUDA available: True
2026-05-17 20:06:59,768 | INFO | GPU: NVIDIA GeForce RTX 4070 Laptop GPU
2026-05-17 20:07:02,003 | INFO | HTTP Request: HEAD https://huggingface.co/roberta-base/resolve/main/config.json "HTTP/1.1 200 OK"
2026-05-17 20:07:02,003 | WARNING | Warning: You are sending unauthenticated requests to the HF Hub. Please set a HF_TOKEN to enable higher rate limits and faster downloads.
2026-05-17 20:07:02,591 | INFO | HTTP Request: HEAD https://huggingface.co/roberta-base/resolve/main/tokenizer_config.json "HTTP/1.1 200 OK"
2026-05-17 20:07:02,846 | INFO | HTTP Request: GET https://huggingface.co/api/models/roberta-base/tree/main/additional_chat_templates?recursive=false&expand=false "HTTP/1.1 307 Temporary Redirect"
2026-05-17 20:07:03,091 | INFO | HTTP Request: GET https://huggingface.co/api/models/FacebookAI/roberta-base/tree/main/additional_chat_templates?recursive=false&expand=false "HTTP/1.1 404 Not Found"
2026-05-17 20:07:03,340 | INFO | HTTP Request: GET https://huggingface.co/api/models/roberta-base/tree/main?recursive=true&expand=false "HTTP/1.1 307 Temporary Redirect"
2026-05-17 20:07:03,589 | INFO | HTTP Request: GET https://huggingface.co/api/models/FacebookAI/roberta-base/tree/main?recursive=true&expand=false "HTTP/1.1 200 OK"
2026-05-17 20:07:04,072 | INFO | HTTP Request: HEAD https://huggingface.co/datasets/glue/resolve/main/README.md "HTTP/1.1 307 Temporary Redirect"
2026-05-17 20:07:04,857 | INFO | HTTP Request: HEAD https://huggingface.co/datasets/nyu-mll/glue/resolve/main/README.md "HTTP/1.1 307 Temporary Redirect"
2026-05-17 20:07:05,030 | INFO | HTTP Request: HEAD https://huggingface.co/api/resolve-cache/datasets/nyu-mll/glue/bcdcba79d07bc864c1c254ccfcedcce55bcc9a8c/README.md "HTTP/1.1 200 OK"
2026-05-17 20:07:05,281 | INFO | HTTP Request: HEAD https://huggingface.co/datasets/glue/resolve/bcdcba79d07bc864c1c254ccfcedcce55bcc9a8c/glue.py "HTTP/1.1 307 Temporary Redirect"
2026-05-17 20:07:05,526 | INFO | HTTP Request: HEAD https://huggingface.co/datasets/nyu-mll/glue/resolve/bcdcba79d07bc864c1c254ccfcedcce55bcc9a8c/glue.py "HTTP/1.1 404 Not Found"
2026-05-17 20:07:06,482 | INFO | HTTP Request: HEAD https://s3.amazonaws.com/datasets.huggingface.co/datasets/datasets/glue/glue.py "HTTP/1.1 200 OK"
2026-05-17 20:07:06,767 | INFO | HTTP Request: GET https://huggingface.co/api/datasets/glue/revision/bcdcba79d07bc864c1c254ccfcedcce55bcc9a8c "HTTP/1.1 307 Temporary Redirect"
2026-05-17 20:07:07,029 | INFO | HTTP Request: GET https://huggingface.co/api/datasets/nyu-mll/glue/revision/bcdcba79d07bc864c1c254ccfcedcce55bcc9a8c "HTTP/1.1 200 OK"
2026-05-17 20:07:07,280 | INFO | HTTP Request: HEAD https://huggingface.co/datasets/glue/resolve/bcdcba79d07bc864c1c254ccfcedcce55bcc9a8c/.huggingface.yaml "HTTP/1.1 307 Temporary Redirect"
2026-05-17 20:07:07,920 | INFO | HTTP Request: HEAD https://huggingface.co/datasets/nyu-mll/glue/resolve/bcdcba79d07bc864c1c254ccfcedcce55bcc9a8c/.huggingface.yaml "HTTP/1.1 404 Not Found"
2026-05-17 20:07:09,457 | INFO | HTTP Request: GET https://datasets-server.huggingface.co/info?dataset=glue "HTTP/1.1 404 Not Found"
2026-05-17 20:07:09,729 | INFO | HTTP Request: GET https://huggingface.co/api/datasets/glue/tree/bcdcba79d07bc864c1c254ccfcedcce55bcc9a8c/ax?recursive=true&expand=false "HTTP/1.1 307 Temporary Redirect"
2026-05-17 20:07:09,981 | INFO | HTTP Request: GET https://huggingface.co/api/datasets/nyu-mll/glue/tree/bcdcba79d07bc864c1c254ccfcedcce55bcc9a8c/ax?recursive=true&expand=false "HTTP/1.1 200 OK"
2026-05-17 20:07:10,232 | INFO | HTTP Request: GET https://huggingface.co/api/datasets/glue/tree/bcdcba79d07bc864c1c254ccfcedcce55bcc9a8c?recursive=false&expand=false "HTTP/1.1 307 Temporary Redirect"
2026-05-17 20:07:10,479 | INFO | HTTP Request: GET https://huggingface.co/api/datasets/nyu-mll/glue/tree/bcdcba79d07bc864c1c254ccfcedcce55bcc9a8c?recursive=false&expand=false "HTTP/1.1 200 OK"
2026-05-17 20:07:10,743 | INFO | HTTP Request: HEAD https://huggingface.co/datasets/glue/resolve/bcdcba79d07bc864c1c254ccfcedcce55bcc9a8c/dataset_infos.json "HTTP/1.1 307 Temporary Redirect"
2026-05-17 20:07:10,988 | INFO | HTTP Request: HEAD https://huggingface.co/datasets/nyu-mll/glue/resolve/bcdcba79d07bc864c1c254ccfcedcce55bcc9a8c/dataset_infos.json "HTTP/1.1 404 Not Found"
2026-05-17 20:07:11,237 | INFO | HTTP Request: GET https://huggingface.co/api/datasets/glue/tree/bcdcba79d07bc864c1c254ccfcedcce55bcc9a8c/sst2?recursive=true&expand=false "HTTP/1.1 307 Temporary Redirect"
2026-05-17 20:07:11,485 | INFO | HTTP Request: GET https://huggingface.co/api/datasets/nyu-mll/glue/tree/bcdcba79d07bc864c1c254ccfcedcce55bcc9a8c/sst2?recursive=true&expand=false "HTTP/1.1 200 OK"
2026-05-17 20:07:14,303 | INFO | HTTP Request: HEAD https://huggingface.co/roberta-base/resolve/main/config.json "HTTP/1.1 200 OK"
2026-05-17 20:07:14,574 | INFO | HTTP Request: HEAD https://huggingface.co/roberta-base/resolve/main/config.json "HTTP/1.1 200 OK"
2026-05-17 20:07:14,839 | INFO | Trainable parameters: 739586
2026-05-17 20:07:14,839 | INFO | Total parameters: 125386756
2026-05-17 20:07:14,839 | INFO | Trainable parameter ratio: 0.005898
2026-05-17 20:50:39,076 | INFO | Training metrics: {'train_runtime': 2595.9506, 'train_samples_per_second': 77.832, 'train_steps_per_second': 19.459, 'total_flos': 2595032218828056.0, 'train_loss': 0.31422607839336425, 'epoch': 3.0}
2026-05-17 20:50:39,076 | INFO | Evaluation metrics: {'eval_loss': 0.2884521186351776, 'eval_accuracy': 0.9392201834862385, 'eval_runtime': 4.0041, 'eval_samples_per_second': 217.779, 'eval_steps_per_second': 54.445, 'epoch': 3.0}
2026-05-17 20:50:39,077 | INFO | Training time seconds: 2596.12
2026-05-17 20:50:39,077 | INFO | Metrics appended to D:\GitHub\lora-sst2-reproduction\results\metrics.csv
2026-05-17 20:50:39,077 | INFO | Log written to D:\GitHub\lora-sst2-reproduction\results\logs\lora_r4.log
