2026-05-17 18:24:58,639 | INFO | Run: smoke_lora_r8
2026-05-17 18:24:58,639 | INFO | Arguments: {'run_name': 'smoke_lora_r8', 'method': 'lora', 'lora_rank': 8, 'model_name': 'roberta-base', 'epochs': 1.0, 'batch_size': 4, 'learning_rate': 2e-05, 'lora_learning_rate': 0.0001, 'weight_decay': 0.01, 'max_length': 128, 'seed': 42, 'fp16': True, 'gradient_checkpointing': False, 'logging_steps': 50, 'max_train_samples': 64, 'max_eval_samples': 64}
2026-05-17 18:24:58,639 | INFO | CUDA available: True
2026-05-17 18:24:58,641 | INFO | GPU: NVIDIA GeForce RTX 4070 Laptop GPU
2026-05-17 18:24:59,581 | INFO | HTTP Request: HEAD https://huggingface.co/roberta-base/resolve/main/config.json "HTTP/1.1 200 OK"
2026-05-17 18:24:59,586 | WARNING | Warning: You are sending unauthenticated requests to the HF Hub. Please set a HF_TOKEN to enable higher rate limits and faster downloads.
2026-05-17 18:25:00,243 | INFO | HTTP Request: HEAD https://huggingface.co/roberta-base/resolve/main/tokenizer_config.json "HTTP/1.1 200 OK"
2026-05-17 18:25:00,471 | INFO | HTTP Request: GET https://huggingface.co/api/models/roberta-base/tree/main/additional_chat_templates?recursive=false&expand=false "HTTP/1.1 307 Temporary Redirect"
2026-05-17 18:25:00,733 | INFO | HTTP Request: GET https://huggingface.co/api/models/FacebookAI/roberta-base/tree/main/additional_chat_templates?recursive=false&expand=false "HTTP/1.1 404 Not Found"
2026-05-17 18:25:01,310 | INFO | HTTP Request: GET https://huggingface.co/api/models/roberta-base/tree/main?recursive=true&expand=false "HTTP/1.1 307 Temporary Redirect"
2026-05-17 18:25:01,597 | INFO | HTTP Request: GET https://huggingface.co/api/models/FacebookAI/roberta-base/tree/main?recursive=true&expand=false "HTTP/1.1 200 OK"
2026-05-17 18:25:02,794 | INFO | HTTP Request: HEAD https://huggingface.co/datasets/glue/resolve/main/README.md "HTTP/1.1 307 Temporary Redirect"
2026-05-17 18:25:03,088 | INFO | HTTP Request: HEAD https://huggingface.co/datasets/nyu-mll/glue/resolve/main/README.md "HTTP/1.1 307 Temporary Redirect"
2026-05-17 18:25:03,241 | INFO | HTTP Request: HEAD https://huggingface.co/api/resolve-cache/datasets/nyu-mll/glue/bcdcba79d07bc864c1c254ccfcedcce55bcc9a8c/README.md "HTTP/1.1 200 OK"
2026-05-17 18:25:03,498 | INFO | HTTP Request: HEAD https://huggingface.co/datasets/glue/resolve/bcdcba79d07bc864c1c254ccfcedcce55bcc9a8c/glue.py "HTTP/1.1 307 Temporary Redirect"
2026-05-17 18:25:04,123 | INFO | HTTP Request: HEAD https://huggingface.co/datasets/nyu-mll/glue/resolve/bcdcba79d07bc864c1c254ccfcedcce55bcc9a8c/glue.py "HTTP/1.1 404 Not Found"
2026-05-17 18:25:06,981 | INFO | HTTP Request: HEAD https://s3.amazonaws.com/datasets.huggingface.co/datasets/datasets/glue/glue.py "HTTP/1.1 200 OK"
2026-05-17 18:25:07,299 | INFO | HTTP Request: GET https://huggingface.co/api/datasets/glue/revision/bcdcba79d07bc864c1c254ccfcedcce55bcc9a8c "HTTP/1.1 307 Temporary Redirect"
2026-05-17 18:25:07,573 | INFO | HTTP Request: GET https://huggingface.co/api/datasets/nyu-mll/glue/revision/bcdcba79d07bc864c1c254ccfcedcce55bcc9a8c "HTTP/1.1 200 OK"
2026-05-17 18:25:08,476 | INFO | HTTP Request: HEAD https://huggingface.co/datasets/glue/resolve/bcdcba79d07bc864c1c254ccfcedcce55bcc9a8c/.huggingface.yaml "HTTP/1.1 307 Temporary Redirect"
2026-05-17 18:25:08,740 | INFO | HTTP Request: HEAD https://huggingface.co/datasets/nyu-mll/glue/resolve/bcdcba79d07bc864c1c254ccfcedcce55bcc9a8c/.huggingface.yaml "HTTP/1.1 404 Not Found"
2026-05-17 18:25:10,013 | INFO | HTTP Request: GET https://datasets-server.huggingface.co/info?dataset=glue "HTTP/1.1 404 Not Found"
2026-05-17 18:25:10,649 | INFO | HTTP Request: GET https://huggingface.co/api/datasets/glue/tree/bcdcba79d07bc864c1c254ccfcedcce55bcc9a8c/ax?recursive=true&expand=false "HTTP/1.1 307 Temporary Redirect"
2026-05-17 18:25:10,888 | INFO | HTTP Request: GET https://huggingface.co/api/datasets/nyu-mll/glue/tree/bcdcba79d07bc864c1c254ccfcedcce55bcc9a8c/ax?recursive=true&expand=false "HTTP/1.1 200 OK"
2026-05-17 18:25:11,114 | INFO | HTTP Request: GET https://huggingface.co/api/datasets/glue/tree/bcdcba79d07bc864c1c254ccfcedcce55bcc9a8c?recursive=false&expand=false "HTTP/1.1 307 Temporary Redirect"
2026-05-17 18:25:11,357 | INFO | HTTP Request: GET https://huggingface.co/api/datasets/nyu-mll/glue/tree/bcdcba79d07bc864c1c254ccfcedcce55bcc9a8c?recursive=false&expand=false "HTTP/1.1 200 OK"
2026-05-17 18:25:11,621 | INFO | HTTP Request: HEAD https://huggingface.co/datasets/glue/resolve/bcdcba79d07bc864c1c254ccfcedcce55bcc9a8c/dataset_infos.json "HTTP/1.1 307 Temporary Redirect"
2026-05-17 18:25:11,869 | INFO | HTTP Request: HEAD https://huggingface.co/datasets/nyu-mll/glue/resolve/bcdcba79d07bc864c1c254ccfcedcce55bcc9a8c/dataset_infos.json "HTTP/1.1 404 Not Found"
2026-05-17 18:25:12,150 | INFO | HTTP Request: GET https://huggingface.co/api/datasets/glue/tree/bcdcba79d07bc864c1c254ccfcedcce55bcc9a8c/sst2?recursive=true&expand=false "HTTP/1.1 307 Temporary Redirect"
2026-05-17 18:25:12,408 | INFO | HTTP Request: GET https://huggingface.co/api/datasets/nyu-mll/glue/tree/bcdcba79d07bc864c1c254ccfcedcce55bcc9a8c/sst2?recursive=true&expand=false "HTTP/1.1 200 OK"
2026-05-17 18:25:14,010 | INFO | HTTP Request: HEAD https://huggingface.co/roberta-base/resolve/main/config.json "HTTP/1.1 200 OK"
2026-05-17 18:25:14,296 | INFO | HTTP Request: HEAD https://huggingface.co/roberta-base/resolve/main/config.json "HTTP/1.1 200 OK"
2026-05-17 18:25:14,401 | INFO | Trainable parameters: 887042
2026-05-17 18:25:14,401 | INFO | Total parameters: 125534212
2026-05-17 18:25:14,401 | INFO | Trainable parameter ratio: 0.007066
2026-05-17 18:54:23,795 | INFO | Run: smoke_lora_r8
2026-05-17 18:54:23,795 | INFO | Arguments: {'run_name': 'smoke_lora_r8', 'method': 'lora', 'lora_rank': 8, 'model_name': 'roberta-base', 'epochs': 1.0, 'batch_size': 4, 'learning_rate': 2e-05, 'lora_learning_rate': 0.0001, 'weight_decay': 0.01, 'max_length': 128, 'seed': 42, 'fp16': True, 'gradient_checkpointing': False, 'logging_steps': 50, 'max_train_samples': 64, 'max_eval_samples': 64}
2026-05-17 18:54:23,795 | INFO | CUDA available: True
2026-05-17 18:54:23,796 | INFO | GPU: NVIDIA GeForce RTX 4070 Laptop GPU
2026-05-17 18:54:25,534 | INFO | HTTP Request: HEAD https://huggingface.co/roberta-base/resolve/main/config.json "HTTP/1.1 200 OK"
2026-05-17 18:54:25,535 | WARNING | Warning: You are sending unauthenticated requests to the HF Hub. Please set a HF_TOKEN to enable higher rate limits and faster downloads.
2026-05-17 18:54:25,795 | INFO | HTTP Request: HEAD https://huggingface.co/roberta-base/resolve/main/tokenizer_config.json "HTTP/1.1 200 OK"
2026-05-17 18:54:26,042 | INFO | HTTP Request: GET https://huggingface.co/api/models/roberta-base/tree/main/additional_chat_templates?recursive=false&expand=false "HTTP/1.1 307 Temporary Redirect"
2026-05-17 18:54:26,285 | INFO | HTTP Request: GET https://huggingface.co/api/models/FacebookAI/roberta-base/tree/main/additional_chat_templates?recursive=false&expand=false "HTTP/1.1 404 Not Found"
2026-05-17 18:54:26,527 | INFO | HTTP Request: GET https://huggingface.co/api/models/roberta-base/tree/main?recursive=true&expand=false "HTTP/1.1 307 Temporary Redirect"
2026-05-17 18:54:26,775 | INFO | HTTP Request: GET https://huggingface.co/api/models/FacebookAI/roberta-base/tree/main?recursive=true&expand=false "HTTP/1.1 200 OK"
2026-05-17 18:54:27,213 | INFO | HTTP Request: HEAD https://huggingface.co/datasets/glue/resolve/main/README.md "HTTP/1.1 307 Temporary Redirect"
2026-05-17 18:54:27,450 | INFO | HTTP Request: HEAD https://huggingface.co/datasets/nyu-mll/glue/resolve/main/README.md "HTTP/1.1 307 Temporary Redirect"
2026-05-17 18:54:28,007 | INFO | HTTP Request: HEAD https://huggingface.co/api/resolve-cache/datasets/nyu-mll/glue/bcdcba79d07bc864c1c254ccfcedcce55bcc9a8c/README.md "HTTP/1.1 200 OK"
2026-05-17 18:54:28,250 | INFO | HTTP Request: HEAD https://huggingface.co/datasets/glue/resolve/bcdcba79d07bc864c1c254ccfcedcce55bcc9a8c/glue.py "HTTP/1.1 307 Temporary Redirect"
2026-05-17 18:54:28,494 | INFO | HTTP Request: HEAD https://huggingface.co/datasets/nyu-mll/glue/resolve/bcdcba79d07bc864c1c254ccfcedcce55bcc9a8c/glue.py "HTTP/1.1 404 Not Found"
2026-05-17 18:54:30,400 | INFO | HTTP Request: HEAD https://s3.amazonaws.com/datasets.huggingface.co/datasets/datasets/glue/glue.py "HTTP/1.1 200 OK"
2026-05-17 18:54:30,681 | INFO | HTTP Request: GET https://huggingface.co/api/datasets/glue/revision/bcdcba79d07bc864c1c254ccfcedcce55bcc9a8c "HTTP/1.1 307 Temporary Redirect"
2026-05-17 18:54:30,931 | INFO | HTTP Request: GET https://huggingface.co/api/datasets/nyu-mll/glue/revision/bcdcba79d07bc864c1c254ccfcedcce55bcc9a8c "HTTP/1.1 200 OK"
2026-05-17 18:54:31,183 | INFO | HTTP Request: HEAD https://huggingface.co/datasets/glue/resolve/bcdcba79d07bc864c1c254ccfcedcce55bcc9a8c/.huggingface.yaml "HTTP/1.1 307 Temporary Redirect"
2026-05-17 18:54:31,461 | INFO | HTTP Request: HEAD https://huggingface.co/datasets/nyu-mll/glue/resolve/bcdcba79d07bc864c1c254ccfcedcce55bcc9a8c/.huggingface.yaml "HTTP/1.1 404 Not Found"
2026-05-17 18:54:32,352 | INFO | HTTP Request: GET https://datasets-server.huggingface.co/info?dataset=glue "HTTP/1.1 404 Not Found"
2026-05-17 18:54:32,999 | INFO | HTTP Request: GET https://huggingface.co/api/datasets/glue/tree/bcdcba79d07bc864c1c254ccfcedcce55bcc9a8c/ax?recursive=true&expand=false "HTTP/1.1 307 Temporary Redirect"
2026-05-17 18:54:33,244 | INFO | HTTP Request: GET https://huggingface.co/api/datasets/nyu-mll/glue/tree/bcdcba79d07bc864c1c254ccfcedcce55bcc9a8c/ax?recursive=true&expand=false "HTTP/1.1 200 OK"
2026-05-17 18:54:33,487 | INFO | HTTP Request: GET https://huggingface.co/api/datasets/glue/tree/bcdcba79d07bc864c1c254ccfcedcce55bcc9a8c?recursive=false&expand=false "HTTP/1.1 307 Temporary Redirect"
2026-05-17 18:54:33,732 | INFO | HTTP Request: GET https://huggingface.co/api/datasets/nyu-mll/glue/tree/bcdcba79d07bc864c1c254ccfcedcce55bcc9a8c?recursive=false&expand=false "HTTP/1.1 200 OK"
2026-05-17 18:54:34,029 | INFO | HTTP Request: HEAD https://huggingface.co/datasets/glue/resolve/bcdcba79d07bc864c1c254ccfcedcce55bcc9a8c/dataset_infos.json "HTTP/1.1 307 Temporary Redirect"
2026-05-17 18:54:34,271 | INFO | HTTP Request: HEAD https://huggingface.co/datasets/nyu-mll/glue/resolve/bcdcba79d07bc864c1c254ccfcedcce55bcc9a8c/dataset_infos.json "HTTP/1.1 404 Not Found"
2026-05-17 18:54:34,517 | INFO | HTTP Request: GET https://huggingface.co/api/datasets/glue/tree/bcdcba79d07bc864c1c254ccfcedcce55bcc9a8c/sst2?recursive=true&expand=false "HTTP/1.1 307 Temporary Redirect"
2026-05-17 18:54:35,276 | INFO | HTTP Request: GET https://huggingface.co/api/datasets/nyu-mll/glue/tree/bcdcba79d07bc864c1c254ccfcedcce55bcc9a8c/sst2?recursive=true&expand=false "HTTP/1.1 200 OK"
2026-05-17 18:54:36,977 | INFO | HTTP Request: HEAD https://huggingface.co/roberta-base/resolve/main/config.json "HTTP/1.1 200 OK"
2026-05-17 18:54:37,238 | INFO | HTTP Request: HEAD https://huggingface.co/roberta-base/resolve/main/config.json "HTTP/1.1 200 OK"
2026-05-17 18:54:37,372 | INFO | Trainable parameters: 887042
2026-05-17 18:54:37,373 | INFO | Total parameters: 125534212
2026-05-17 18:54:37,373 | INFO | Trainable parameter ratio: 0.007066
2026-05-17 18:54:45,790 | INFO | Training metrics: {'train_runtime': 1.4812, 'train_samples_per_second': 43.209, 'train_steps_per_second': 10.802, 'total_flos': 753894418464.0, 'train_loss': 0.7188339233398438, 'epoch': 1.0}
2026-05-17 18:54:45,790 | INFO | Evaluation metrics: {'eval_loss': 0.6945953369140625, 'eval_accuracy': 0.484375, 'eval_runtime': 0.3547, 'eval_samples_per_second': 180.456, 'eval_steps_per_second': 45.114, 'epoch': 1.0}
2026-05-17 18:54:45,790 | INFO | Training time seconds: 1.68
2026-05-17 18:54:45,791 | INFO | Metrics appended to D:\GitHub\lora-sst2-reproduction\results\metrics.csv
2026-05-17 18:54:45,791 | INFO | Log written to D:\GitHub\lora-sst2-reproduction\results\logs\smoke_lora_r8.log
2026-05-17 19:02:04,596 | INFO | Run: smoke_lora_r8
2026-05-17 19:02:04,596 | INFO | Arguments: {'run_name': 'smoke_lora_r8', 'method': 'lora', 'lora_rank': 8, 'model_name': 'roberta-base', 'epochs': 1.0, 'batch_size': 4, 'learning_rate': 2e-05, 'lora_learning_rate': 0.0001, 'weight_decay': 0.01, 'max_length': 128, 'seed': 42, 'fp16': True, 'gradient_checkpointing': False, 'logging_steps': 50, 'max_train_samples': 64, 'max_eval_samples': 64}
2026-05-17 19:02:04,596 | INFO | CUDA available: True
2026-05-17 19:02:04,598 | INFO | GPU: NVIDIA GeForce RTX 4070 Laptop GPU
2026-05-17 19:02:05,519 | INFO | HTTP Request: HEAD https://huggingface.co/roberta-base/resolve/main/config.json "HTTP/1.1 200 OK"
2026-05-17 19:02:05,789 | INFO | HTTP Request: HEAD https://huggingface.co/roberta-base/resolve/main/tokenizer_config.json "HTTP/1.1 200 OK"
2026-05-17 19:02:06,035 | INFO | HTTP Request: GET https://huggingface.co/api/models/roberta-base/tree/main/additional_chat_templates?recursive=false&expand=false "HTTP/1.1 307 Temporary Redirect"
2026-05-17 19:02:06,280 | INFO | HTTP Request: GET https://huggingface.co/api/models/FacebookAI/roberta-base/tree/main/additional_chat_templates?recursive=false&expand=false "HTTP/1.1 404 Not Found"
2026-05-17 19:02:06,523 | INFO | HTTP Request: GET https://huggingface.co/api/models/roberta-base/tree/main?recursive=true&expand=false "HTTP/1.1 307 Temporary Redirect"
2026-05-17 19:02:06,996 | INFO | HTTP Request: GET https://huggingface.co/api/models/FacebookAI/roberta-base/tree/main?recursive=true&expand=false "HTTP/1.1 200 OK"
2026-05-17 19:02:07,395 | INFO | HTTP Request: HEAD https://huggingface.co/datasets/glue/resolve/main/README.md "HTTP/1.1 307 Temporary Redirect"
2026-05-17 19:02:07,638 | INFO | HTTP Request: HEAD https://huggingface.co/datasets/nyu-mll/glue/resolve/main/README.md "HTTP/1.1 307 Temporary Redirect"
2026-05-17 19:02:07,803 | INFO | HTTP Request: HEAD https://huggingface.co/api/resolve-cache/datasets/nyu-mll/glue/bcdcba79d07bc864c1c254ccfcedcce55bcc9a8c/README.md "HTTP/1.1 200 OK"
2026-05-17 19:02:08,045 | INFO | HTTP Request: HEAD https://huggingface.co/datasets/glue/resolve/bcdcba79d07bc864c1c254ccfcedcce55bcc9a8c/glue.py "HTTP/1.1 307 Temporary Redirect"
2026-05-17 19:02:08,345 | INFO | HTTP Request: HEAD https://huggingface.co/datasets/nyu-mll/glue/resolve/bcdcba79d07bc864c1c254ccfcedcce55bcc9a8c/glue.py "HTTP/1.1 404 Not Found"
2026-05-17 19:02:09,671 | INFO | HTTP Request: HEAD https://s3.amazonaws.com/datasets.huggingface.co/datasets/datasets/glue/glue.py "HTTP/1.1 200 OK"
2026-05-17 19:02:09,946 | INFO | HTTP Request: GET https://huggingface.co/api/datasets/glue/revision/bcdcba79d07bc864c1c254ccfcedcce55bcc9a8c "HTTP/1.1 307 Temporary Redirect"
2026-05-17 19:02:10,199 | INFO | HTTP Request: GET https://huggingface.co/api/datasets/nyu-mll/glue/revision/bcdcba79d07bc864c1c254ccfcedcce55bcc9a8c "HTTP/1.1 200 OK"
2026-05-17 19:02:10,442 | INFO | HTTP Request: HEAD https://huggingface.co/datasets/glue/resolve/bcdcba79d07bc864c1c254ccfcedcce55bcc9a8c/.huggingface.yaml "HTTP/1.1 307 Temporary Redirect"
2026-05-17 19:02:10,692 | INFO | HTTP Request: HEAD https://huggingface.co/datasets/nyu-mll/glue/resolve/bcdcba79d07bc864c1c254ccfcedcce55bcc9a8c/.huggingface.yaml "HTTP/1.1 404 Not Found"
2026-05-17 19:02:10,692 | WARNING | Warning: You are sending unauthenticated requests to the HF Hub. Please set a HF_TOKEN to enable higher rate limits and faster downloads.
2026-05-17 19:02:11,594 | INFO | HTTP Request: GET https://datasets-server.huggingface.co/info?dataset=glue "HTTP/1.1 404 Not Found"
2026-05-17 19:02:11,862 | INFO | HTTP Request: GET https://huggingface.co/api/datasets/glue/tree/bcdcba79d07bc864c1c254ccfcedcce55bcc9a8c/ax?recursive=true&expand=false "HTTP/1.1 307 Temporary Redirect"
2026-05-17 19:02:12,109 | INFO | HTTP Request: GET https://huggingface.co/api/datasets/nyu-mll/glue/tree/bcdcba79d07bc864c1c254ccfcedcce55bcc9a8c/ax?recursive=true&expand=false "HTTP/1.1 200 OK"
2026-05-17 19:02:12,351 | INFO | HTTP Request: GET https://huggingface.co/api/datasets/glue/tree/bcdcba79d07bc864c1c254ccfcedcce55bcc9a8c?recursive=false&expand=false "HTTP/1.1 307 Temporary Redirect"
2026-05-17 19:02:12,593 | INFO | HTTP Request: GET https://huggingface.co/api/datasets/nyu-mll/glue/tree/bcdcba79d07bc864c1c254ccfcedcce55bcc9a8c?recursive=false&expand=false "HTTP/1.1 200 OK"
2026-05-17 19:02:13,231 | INFO | HTTP Request: HEAD https://huggingface.co/datasets/glue/resolve/bcdcba79d07bc864c1c254ccfcedcce55bcc9a8c/dataset_infos.json "HTTP/1.1 307 Temporary Redirect"
2026-05-17 19:02:13,847 | INFO | HTTP Request: HEAD https://huggingface.co/datasets/nyu-mll/glue/resolve/bcdcba79d07bc864c1c254ccfcedcce55bcc9a8c/dataset_infos.json "HTTP/1.1 404 Not Found"
2026-05-17 19:02:14,090 | INFO | HTTP Request: GET https://huggingface.co/api/datasets/glue/tree/bcdcba79d07bc864c1c254ccfcedcce55bcc9a8c/sst2?recursive=true&expand=false "HTTP/1.1 307 Temporary Redirect"
2026-05-17 19:02:14,335 | INFO | HTTP Request: GET https://huggingface.co/api/datasets/nyu-mll/glue/tree/bcdcba79d07bc864c1c254ccfcedcce55bcc9a8c/sst2?recursive=true&expand=false "HTTP/1.1 200 OK"
2026-05-17 19:02:16,048 | INFO | HTTP Request: HEAD https://huggingface.co/roberta-base/resolve/main/config.json "HTTP/1.1 200 OK"
2026-05-17 19:02:16,303 | INFO | HTTP Request: HEAD https://huggingface.co/roberta-base/resolve/main/config.json "HTTP/1.1 200 OK"
2026-05-17 19:02:16,432 | INFO | Trainable parameters: 887042
2026-05-17 19:02:16,432 | INFO | Total parameters: 125534212
2026-05-17 19:02:16,432 | INFO | Trainable parameter ratio: 0.007066
2026-05-17 19:02:22,776 | INFO | Training metrics: {'train_runtime': 1.2363, 'train_samples_per_second': 51.767, 'train_steps_per_second': 12.942, 'total_flos': 753894418464.0, 'train_loss': 0.7188339233398438, 'epoch': 1.0}
2026-05-17 19:02:22,777 | INFO | Evaluation metrics: {'eval_loss': 0.6945953369140625, 'eval_accuracy': 0.484375, 'eval_runtime': 0.2838, 'eval_samples_per_second': 225.527, 'eval_steps_per_second': 56.382, 'epoch': 1.0}
2026-05-17 19:02:22,777 | INFO | Training time seconds: 1.39
2026-05-17 19:02:22,777 | INFO | Metrics appended to D:\GitHub\lora-sst2-reproduction\results\metrics.csv
2026-05-17 19:02:22,778 | INFO | Log written to D:\GitHub\lora-sst2-reproduction\results\logs\smoke_lora_r8.log
